# 3-say_my_name.txt

===========================
How to Use 3-say_my_name.py
defines a function ``say_my_name(first_name, last_name="")

>>> say_my_name = __import__('3-say_my_name').say_my_name
    >>> say_my_name("Nancy", "Nyambura")
    My name is Nancy Nyambura

>>> say_my_name("johana")
    My name is johana
..
..

 >>> say_my_name("wambui reina", "Enos")
    My name is wambui reina Enos
..
..

 name must be atleast 1
>>> say_my_name()
    Traceback (most recent call last):
    TypeError: say_my_name() missing 1 required positional argument: 'first_name'
..
..

>>> say_my_name(None)
    Traceback (most recent call last):
    TypeError: first_name must be a string

..
..

>>> say_my_name(5, "bryant")
    Traceback (most recent call last):
    TypeError: first_name must be a string

>>> say_my_name("Nancy", ["her", "they", "them"])
    Traceback (most recent call last):
    TypeError: last_name must be a string
..
..

 >>> say_my_name({"Love": 5, "kind": 16}, 5.7)
    Traceback (most recent call last):
    TypeError: first_name must be a string

